// Jest Snapshot v1, https://goo.gl/fbAQLP

exports[`Report should render correctly 1`] = `
<div>
  <div>
    <div
      class="breadcrumb"
    >
      <a
        href="/"
      >
        Reports
        /
      </a>
    </div>
    <h1
      class="headline"
    >
      PE metadata reports
    </h1>
    <h3
      class="subheading"
    >
      List of available reports. Click on a report to view more details about it.
    </h3>
    <div>
      <hr />
    </div>
    <div
      class="horizontal-container"
    >
      <div
        class="information-highlighter"
      >
        <div
          class="information-highlighter-message"
        >
          Total number of reports
        </div>
        <div
          class="information-highlighter-value"
        >
          3
        </div>
      </div>
      <div
        class="information-highlighter"
      >
        <div
          class="information-highlighter-message"
        >
          Average number of DLLs per report
        </div>
        <div
          class="information-highlighter-value"
        >
          1
        </div>
      </div>
      <div
        class="information-highlighter"
      >
        <div
          class="information-highlighter-message"
        >
          Average number of functions per report
        </div>
        <div
          class="information-highlighter-value"
        >
          4
        </div>
      </div>
    </div>
    <div>
      <hr />
    </div>
    <input
      placeholder="Search"
      value=""
    />
    <button>
      Filter
    </button>
    <div
      class="page-content"
    >
      <div>
        <table>
          <thead>
            <tr>
              <th>
                Name
              </th>
              <th>
                Created
              </th>
              <th>
                Actions
              </th>
            </tr>
          </thead>
          <tbody>
            <tr>
              <td>
                report1
              </td>
              <td>
                some date
              </td>
              <td
                class="actions"
              >
                <a
                  href="/details/1"
                >
                  View
                </a>
              </td>
            </tr>
            <tr>
              <td>
                report1
              </td>
              <td>
                some date
              </td>
              <td
                class="actions"
              >
                <a
                  href="/details/2"
                >
                  View
                </a>
              </td>
            </tr>
          </tbody>
        </table>
        <button>
          Load more
        </button>
      </div>
    </div>
  </div>
</div>
`;
